Archive member included because of file (symbol)

c:/program files (x86)/atmel/atmel toolchain/avr8 gcc/native/3.4.1061/avr8-gnu-toolchain/bin/../lib/gcc/avr/4.8.1/avr6\libgcc.a(_exit.o)
                              c:/program files (x86)/atmel/atmel toolchain/avr8 gcc/native/3.4.1061/avr8-gnu-toolchain/bin/../lib/gcc/avr/4.8.1/../../../../avr/lib/avr6/crtm2560.o (exit)
c:/program files (x86)/atmel/atmel toolchain/avr8 gcc/native/3.4.1061/avr8-gnu-toolchain/bin/../lib/gcc/avr/4.8.1/avr6\libgcc.a(_copy_data.o)
                              cops_and_robbers.o (__do_copy_data)
c:/program files (x86)/atmel/atmel toolchain/avr8 gcc/native/3.4.1061/avr8-gnu-toolchain/bin/../lib/gcc/avr/4.8.1/avr6\libgcc.a(_clear_bss.o)
                              cops_and_robbers.o (__do_clear_bss)

Allocating common symbols
Common symbol       size              file

IR_COMMANDS         0x1               cops_and_robbers.o
COPS_AND_ROBBERS    0x1               cops_and_robbers.o

Discarded input sections

 .data          0x00000000        0x0 c:/program files (x86)/atmel/atmel toolchain/avr8 gcc/native/3.4.1061/avr8-gnu-toolchain/bin/../lib/gcc/avr/4.8.1/../../../../avr/lib/avr6/crtm2560.o
 .bss           0x00000000        0x0 c:/program files (x86)/atmel/atmel toolchain/avr8 gcc/native/3.4.1061/avr8-gnu-toolchain/bin/../lib/gcc/avr/4.8.1/../../../../avr/lib/avr6/crtm2560.o
 .text          0x00000000        0x0 cops_and_robbers.o
 .data          0x00000000        0x0 cops_and_robbers.o
 .bss           0x00000000        0x0 cops_and_robbers.o
 .data.ROOMBA_FREQUENCIES
                0x00000000        0x4 cops_and_robbers.o
 .data.ROOMBA_ADDRESSES
                0x00000000       0x14 cops_and_robbers.o
 .debug_info    0x00000000      0x112 cops_and_robbers.o
 .debug_abbrev  0x00000000       0x6c cops_and_robbers.o
 .debug_aranges
                0x00000000       0x18 cops_and_robbers.o
 .debug_line    0x00000000       0xbc cops_and_robbers.o
 .debug_str     0x00000000      0x201 cops_and_robbers.o
 .comment       0x00000000       0x31 cops_and_robbers.o
 COMMON         0x00000000        0x2 cops_and_robbers.o
 .text          0x00000000        0x0 ir/ir.o
 .data          0x00000000        0x0 ir/ir.o
 .bss           0x00000000        0x0 ir/ir.o
 .text.IR_init  0x00000000       0x4e ir/ir.o
 .text.mark     0x00000000       0x1a ir/ir.o
 .text.space    0x00000000       0x1a ir/ir.o
 .text.IR_transmit
                0x00000000       0x4a ir/ir.o
 .debug_info    0x00000000      0x1e4 ir/ir.o
 .debug_abbrev  0x00000000      0x122 ir/ir.o
 .debug_loc     0x00000000       0x99 ir/ir.o
 .debug_aranges
                0x00000000       0x38 ir/ir.o
 .debug_ranges  0x00000000       0x28 ir/ir.o
 .debug_line    0x00000000      0x1f0 ir/ir.o
 .debug_str     0x00000000      0x1e7 ir/ir.o
 .comment       0x00000000       0x31 ir/ir.o
 .debug_frame   0x00000000       0x68 ir/ir.o
 .text          0x00000000        0x0 radio/radio.o
 .data          0x00000000        0x0 radio/radio.o
 .bss           0x00000000        0x0 radio/radio.o
 .text.Radio_Init
                0x00000000      0x10e radio/radio.o
 .text.Radio_Configure_Rx
                0x00000000      0x124 radio/radio.o
 .text.Radio_Set_Tx_Addr
                0x00000000       0x2c radio/radio.o
 .text.Radio_Configure
                0x00000000       0x58 radio/radio.o
 .text.Radio_Transmit
                0x00000000       0xba radio/radio.o
 .text.Radio_Receive
                0x00000000       0x70 radio/radio.o
 .text.Radio_Success_Rate
                0x00000000       0x40 radio/radio.o
 .text.Radio_Flush
                0x00000000       0x22 radio/radio.o
 .data.tx_address
                0x00000000        0x5 radio/radio.o
 .text          0x00000000        0x0 radio/spi.o
 .data          0x00000000        0x0 radio/spi.o
 .bss           0x00000000        0x0 radio/spi.o
 .text.SPI_Init
                0x00000000       0x1a radio/spi.o
 .text          0x00000000        0x0 roomba/roomba.o
 .data          0x00000000        0x0 roomba/roomba.o
 .bss           0x00000000        0x0 roomba/roomba.o
 .text.Roomba_Init
                0x00000000      0x108 roomba/roomba.o
 .text.Roomba_Finish
                0x00000000        0x8 roomba/roomba.o
 .text.Roomba_UpdateSensorPacket
                0x00000000      0x152 roomba/roomba.o
 .text.Roomba_Drive
                0x00000000       0x38 roomba/roomba.o
 .text          0x00000000        0x0 tasks/tasks.o
 .data          0x00000000        0x0 tasks/tasks.o
 .bss           0x00000000        0x0 tasks/tasks.o
 .text.r_main   0x00000000        0x6 tasks/tasks.o
 .debug_info    0x00000000       0x9c tasks/tasks.o
 .debug_abbrev  0x00000000       0x67 tasks/tasks.o
 .debug_aranges
                0x00000000       0x20 tasks/tasks.o
 .debug_ranges  0x00000000       0x10 tasks/tasks.o
 .debug_line    0x00000000       0x69 tasks/tasks.o
 .debug_str     0x00000000      0x185 tasks/tasks.o
 .comment       0x00000000       0x31 tasks/tasks.o
 .debug_frame   0x00000000       0x24 tasks/tasks.o
 .text          0x00000000        0x0 uart/uart.o
 .data          0x00000000        0x0 uart/uart.o
 .bss           0x00000000        0x0 uart/uart.o
 .text.Roomba_Send_Byte
                0x00000000       0x10 uart/uart.o
 .text.Roomba_UART_Init
                0x00000000       0x80 uart/uart.o
 .text.uart_bytes_received
                0x00000000        0x6 uart/uart.o
 .text.uart_reset_receive
                0x00000000        0x6 uart/uart.o
 .text.uart_get_byte
                0x00000000       0x14 uart/uart.o
 .text          0x00000000        0x0 c:/program files (x86)/atmel/atmel toolchain/avr8 gcc/native/3.4.1061/avr8-gnu-toolchain/bin/../lib/gcc/avr/4.8.1/avr6\libgcc.a(_exit.o)
 .data          0x00000000        0x0 c:/program files (x86)/atmel/atmel toolchain/avr8 gcc/native/3.4.1061/avr8-gnu-toolchain/bin/../lib/gcc/avr/4.8.1/avr6\libgcc.a(_exit.o)
 .bss           0x00000000        0x0 c:/program files (x86)/atmel/atmel toolchain/avr8 gcc/native/3.4.1061/avr8-gnu-toolchain/bin/../lib/gcc/avr/4.8.1/avr6\libgcc.a(_exit.o)
 .text.libgcc.mul
                0x00000000        0x0 c:/program files (x86)/atmel/atmel toolchain/avr8 gcc/native/3.4.1061/avr8-gnu-toolchain/bin/../lib/gcc/avr/4.8.1/avr6\libgcc.a(_exit.o)
 .text.libgcc.div
                0x00000000        0x0 c:/program files (x86)/atmel/atmel toolchain/avr8 gcc/native/3.4.1061/avr8-gnu-toolchain/bin/../lib/gcc/avr/4.8.1/avr6\libgcc.a(_exit.o)
 .text.libgcc   0x00000000        0x0 c:/program files (x86)/atmel/atmel toolchain/avr8 gcc/native/3.4.1061/avr8-gnu-toolchain/bin/../lib/gcc/avr/4.8.1/avr6\libgcc.a(_exit.o)
 .text.libgcc.prologue
                0x00000000        0x0 c:/program files (x86)/atmel/atmel toolchain/avr8 gcc/native/3.4.1061/avr8-gnu-toolchain/bin/../lib/gcc/avr/4.8.1/avr6\libgcc.a(_exit.o)
 .text.libgcc.builtins
                0x00000000        0x0 c:/program files (x86)/atmel/atmel toolchain/avr8 gcc/native/3.4.1061/avr8-gnu-toolchain/bin/../lib/gcc/avr/4.8.1/avr6\libgcc.a(_exit.o)
 .text.libgcc.fmul
                0x00000000        0x0 c:/program files (x86)/atmel/atmel toolchain/avr8 gcc/native/3.4.1061/avr8-gnu-toolchain/bin/../lib/gcc/avr/4.8.1/avr6\libgcc.a(_exit.o)
 .text.libgcc.fixed
                0x00000000        0x0 c:/program files (x86)/atmel/atmel toolchain/avr8 gcc/native/3.4.1061/avr8-gnu-toolchain/bin/../lib/gcc/avr/4.8.1/avr6\libgcc.a(_exit.o)
 .text          0x00000000        0x0 c:/program files (x86)/atmel/atmel toolchain/avr8 gcc/native/3.4.1061/avr8-gnu-toolchain/bin/../lib/gcc/avr/4.8.1/avr6\libgcc.a(_copy_data.o)
 .data          0x00000000        0x0 c:/program files (x86)/atmel/atmel toolchain/avr8 gcc/native/3.4.1061/avr8-gnu-toolchain/bin/../lib/gcc/avr/4.8.1/avr6\libgcc.a(_copy_data.o)
 .bss           0x00000000        0x0 c:/program files (x86)/atmel/atmel toolchain/avr8 gcc/native/3.4.1061/avr8-gnu-toolchain/bin/../lib/gcc/avr/4.8.1/avr6\libgcc.a(_copy_data.o)
 .text.libgcc.mul
                0x00000000        0x0 c:/program files (x86)/atmel/atmel toolchain/avr8 gcc/native/3.4.1061/avr8-gnu-toolchain/bin/../lib/gcc/avr/4.8.1/avr6\libgcc.a(_copy_data.o)
 .text.libgcc.div
                0x00000000        0x0 c:/program files (x86)/atmel/atmel toolchain/avr8 gcc/native/3.4.1061/avr8-gnu-toolchain/bin/../lib/gcc/avr/4.8.1/avr6\libgcc.a(_copy_data.o)
 .text.libgcc   0x00000000        0x0 c:/program files (x86)/atmel/atmel toolchain/avr8 gcc/native/3.4.1061/avr8-gnu-toolchain/bin/../lib/gcc/avr/4.8.1/avr6\libgcc.a(_copy_data.o)
 .text.libgcc.prologue
                0x00000000        0x0 c:/program files (x86)/atmel/atmel toolchain/avr8 gcc/native/3.4.1061/avr8-gnu-toolchain/bin/../lib/gcc/avr/4.8.1/avr6\libgcc.a(_copy_data.o)
 .text.libgcc.builtins
                0x00000000        0x0 c:/program files (x86)/atmel/atmel toolchain/avr8 gcc/native/3.4.1061/avr8-gnu-toolchain/bin/../lib/gcc/avr/4.8.1/avr6\libgcc.a(_copy_data.o)
 .text.libgcc.fmul
                0x00000000        0x0 c:/program files (x86)/atmel/atmel toolchain/avr8 gcc/native/3.4.1061/avr8-gnu-toolchain/bin/../lib/gcc/avr/4.8.1/avr6\libgcc.a(_copy_data.o)
 .text.libgcc.fixed
                0x00000000        0x0 c:/program files (x86)/atmel/atmel toolchain/avr8 gcc/native/3.4.1061/avr8-gnu-toolchain/bin/../lib/gcc/avr/4.8.1/avr6\libgcc.a(_copy_data.o)
 .text          0x00000000        0x0 c:/program files (x86)/atmel/atmel toolchain/avr8 gcc/native/3.4.1061/avr8-gnu-toolchain/bin/../lib/gcc/avr/4.8.1/avr6\libgcc.a(_clear_bss.o)
 .data          0x00000000        0x0 c:/program files (x86)/atmel/atmel toolchain/avr8 gcc/native/3.4.1061/avr8-gnu-toolchain/bin/../lib/gcc/avr/4.8.1/avr6\libgcc.a(_clear_bss.o)
 .bss           0x00000000        0x0 c:/program files (x86)/atmel/atmel toolchain/avr8 gcc/native/3.4.1061/avr8-gnu-toolchain/bin/../lib/gcc/avr/4.8.1/avr6\libgcc.a(_clear_bss.o)
 .text.libgcc.mul
                0x00000000        0x0 c:/program files (x86)/atmel/atmel toolchain/avr8 gcc/native/3.4.1061/avr8-gnu-toolchain/bin/../lib/gcc/avr/4.8.1/avr6\libgcc.a(_clear_bss.o)
 .text.libgcc.div
                0x00000000        0x0 c:/program files (x86)/atmel/atmel toolchain/avr8 gcc/native/3.4.1061/avr8-gnu-toolchain/bin/../lib/gcc/avr/4.8.1/avr6\libgcc.a(_clear_bss.o)
 .text.libgcc   0x00000000        0x0 c:/program files (x86)/atmel/atmel toolchain/avr8 gcc/native/3.4.1061/avr8-gnu-toolchain/bin/../lib/gcc/avr/4.8.1/avr6\libgcc.a(_clear_bss.o)
 .text.libgcc.prologue
                0x00000000        0x0 c:/program files (x86)/atmel/atmel toolchain/avr8 gcc/native/3.4.1061/avr8-gnu-toolchain/bin/../lib/gcc/avr/4.8.1/avr6\libgcc.a(_clear_bss.o)
 .text.libgcc.builtins
                0x00000000        0x0 c:/program files (x86)/atmel/atmel toolchain/avr8 gcc/native/3.4.1061/avr8-gnu-toolchain/bin/../lib/gcc/avr/4.8.1/avr6\libgcc.a(_clear_bss.o)
 .text.libgcc.fmul
                0x00000000        0x0 c:/program files (x86)/atmel/atmel toolchain/avr8 gcc/native/3.4.1061/avr8-gnu-toolchain/bin/../lib/gcc/avr/4.8.1/avr6\libgcc.a(_clear_bss.o)
 .text.libgcc.fixed
                0x00000000        0x0 c:/program files (x86)/atmel/atmel toolchain/avr8 gcc/native/3.4.1061/avr8-gnu-toolchain/bin/../lib/gcc/avr/4.8.1/avr6\libgcc.a(_clear_bss.o)

Memory Configuration

Name             Origin             Length             Attributes
text             0x00000000         0x00100000         xr
data             0x00800200         0x0000fe00         rw !x
eeprom           0x00810000         0x00010000         rw !x
fuse             0x00820000         0x00000400         rw !x
lock             0x00830000         0x00000400         rw !x
signature        0x00840000         0x00000400         rw !x
user_signatures  0x00850000         0x00000400         rw !x
*default*        0x00000000         0xffffffff

Linker script and memory map

Address of section .data set to 0x800200
LOAD c:/program files (x86)/atmel/atmel toolchain/avr8 gcc/native/3.4.1061/avr8-gnu-toolchain/bin/../lib/gcc/avr/4.8.1/../../../../avr/lib/avr6/crtm2560.o
LOAD cops_and_robbers.o
LOAD ir/ir.o
LOAD radio/radio.o
LOAD radio/spi.o
LOAD roomba/roomba.o
LOAD tasks/tasks.o
LOAD uart/uart.o
START GROUP
LOAD c:/program files (x86)/atmel/atmel toolchain/avr8 gcc/native/3.4.1061/avr8-gnu-toolchain/bin/../lib/gcc/avr/4.8.1/../../../../avr/lib/avr6\libm.a
END GROUP
START GROUP
LOAD c:/program files (x86)/atmel/atmel toolchain/avr8 gcc/native/3.4.1061/avr8-gnu-toolchain/bin/../lib/gcc/avr/4.8.1/avr6\libgcc.a
LOAD c:/program files (x86)/atmel/atmel toolchain/avr8 gcc/native/3.4.1061/avr8-gnu-toolchain/bin/../lib/gcc/avr/4.8.1/../../../../avr/lib/avr6\libm.a
LOAD c:/program files (x86)/atmel/atmel toolchain/avr8 gcc/native/3.4.1061/avr8-gnu-toolchain/bin/../lib/gcc/avr/4.8.1/../../../../avr/lib/avr6\libc.a
END GROUP

.hash
 *(.hash)

.dynsym
 *(.dynsym)

.dynstr
 *(.dynstr)

.gnu.version
 *(.gnu.version)

.gnu.version_d
 *(.gnu.version_d)

.gnu.version_r
 *(.gnu.version_r)

.rel.init
 *(.rel.init)

.rela.init
 *(.rela.init)

.rel.text
 *(.rel.text)
 *(.rel.text.*)
 *(.rel.gnu.linkonce.t*)

.rela.text
 *(.rela.text)
 *(.rela.text.*)
 *(.rela.gnu.linkonce.t*)

.rel.fini
 *(.rel.fini)

.rela.fini
 *(.rela.fini)

.rel.rodata
 *(.rel.rodata)
 *(.rel.rodata.*)
 *(.rel.gnu.linkonce.r*)

.rela.rodata
 *(.rela.rodata)
 *(.rela.rodata.*)
 *(.rela.gnu.linkonce.r*)

.rel.data
 *(.rel.data)
 *(.rel.data.*)
 *(.rel.gnu.linkonce.d*)

.rela.data
 *(.rela.data)
 *(.rela.data.*)
 *(.rela.gnu.linkonce.d*)

.rel.ctors
 *(.rel.ctors)

.rela.ctors
 *(.rela.ctors)

.rel.dtors
 *(.rel.dtors)

.rela.dtors
 *(.rela.dtors)

.rel.got
 *(.rel.got)

.rela.got
 *(.rela.got)

.rel.bss
 *(.rel.bss)

.rela.bss
 *(.rela.bss)

.rel.plt
 *(.rel.plt)

.rela.plt
 *(.rela.plt)

.text           0x00000000      0x430
 *(.vectors)
 .vectors       0x00000000       0xe4 c:/program files (x86)/atmel/atmel toolchain/avr8 gcc/native/3.4.1061/avr8-gnu-toolchain/bin/../lib/gcc/avr/4.8.1/../../../../avr/lib/avr6/crtm2560.o
                0x00000000                __vector_default
                0x00000000                __vectors
 *(.vectors)
 *(.progmem.gcc*)
                0x000000e4                . = ALIGN (0x2)
                0x000000e4                __trampolines_start = .
 *(.trampolines)
 .trampolines   0x000000e4        0x0 linker stubs
 *(.trampolines*)
                0x000000e4                __trampolines_end = .
 *(.progmem*)
                0x000000e4                . = ALIGN (0x2)
 *(.jumptables)
 *(.jumptables*)
 *(.lowtext)
 *(.lowtext*)
                0x000000e4                __ctors_start = .
 *(.ctors)
                0x000000e4                __ctors_end = .
                0x000000e4                __dtors_start = .
 *(.dtors)
                0x000000e4                __dtors_end = .
 SORT(*)(.ctors)
 SORT(*)(.dtors)
 *(.init0)
 .init0         0x000000e4        0x0 c:/program files (x86)/atmel/atmel toolchain/avr8 gcc/native/3.4.1061/avr8-gnu-toolchain/bin/../lib/gcc/avr/4.8.1/../../../../avr/lib/avr6/crtm2560.o
                0x000000e4                __init
 *(.init0)
 *(.init1)
 *(.init1)
 *(.init2)
 .init2         0x000000e4       0x10 c:/program files (x86)/atmel/atmel toolchain/avr8 gcc/native/3.4.1061/avr8-gnu-toolchain/bin/../lib/gcc/avr/4.8.1/../../../../avr/lib/avr6/crtm2560.o
 *(.init2)
 *(.init3)
 *(.init3)
 *(.init4)
 .init4         0x000000f4       0x1a c:/program files (x86)/atmel/atmel toolchain/avr8 gcc/native/3.4.1061/avr8-gnu-toolchain/bin/../lib/gcc/avr/4.8.1/avr6\libgcc.a(_copy_data.o)
                0x000000f4                __do_copy_data
 .init4         0x0000010e       0x10 c:/program files (x86)/atmel/atmel toolchain/avr8 gcc/native/3.4.1061/avr8-gnu-toolchain/bin/../lib/gcc/avr/4.8.1/avr6\libgcc.a(_clear_bss.o)
                0x0000010e                __do_clear_bss
 *(.init4)
 *(.init5)
 *(.init5)
 *(.init6)
 *(.init6)
 *(.init7)
 *(.init7)
 *(.init8)
 *(.init8)
 *(.init9)
 .init9         0x0000011e        0x6 c:/program files (x86)/atmel/atmel toolchain/avr8 gcc/native/3.4.1061/avr8-gnu-toolchain/bin/../lib/gcc/avr/4.8.1/../../../../avr/lib/avr6/crtm2560.o
 *(.init9)
 *(.text)
 .text          0x00000124        0x2 c:/program files (x86)/atmel/atmel toolchain/avr8 gcc/native/3.4.1061/avr8-gnu-toolchain/bin/../lib/gcc/avr/4.8.1/../../../../avr/lib/avr6/crtm2560.o
                0x00000124                __vector_38
                0x00000124                __vector_22
                0x00000124                __vector_28
                0x00000124                __vector_1
                0x00000124                __vector_32
                0x00000124                __vector_34
                0x00000124                __vector_24
                0x00000124                __vector_12
                0x00000124                __vector_55
                0x00000124                __vector_46
                0x00000124                __bad_interrupt
                0x00000124                __vector_6
                0x00000124                __vector_31
                0x00000124                __vector_35
                0x00000124                __vector_39
                0x00000124                __vector_3
                0x00000124                __vector_23
                0x00000124                __vector_30
                0x00000124                __vector_45
                0x00000124                __vector_25
                0x00000124                __vector_11
                0x00000124                __vector_54
                0x00000124                __vector_13
                0x00000124                __vector_17
                0x00000124                __vector_19
                0x00000124                __vector_56
                0x00000124                __vector_7
                0x00000124                __vector_49
                0x00000124                __vector_41
                0x00000124                __vector_43
                0x00000124                __vector_27
                0x00000124                __vector_33
                0x00000124                __vector_47
                0x00000124                __vector_52
                0x00000124                __vector_37
                0x00000124                __vector_4
                0x00000124                __vector_44
                0x00000124                __vector_51
                0x00000124                __vector_9
                0x00000124                __vector_2
                0x00000124                __vector_21
                0x00000124                __vector_15
                0x00000124                __vector_29
                0x00000124                __vector_40
                0x00000124                __vector_8
                0x00000124                __vector_26
                0x00000124                __vector_48
                0x00000124                __vector_14
                0x00000124                __vector_53
                0x00000124                __vector_10
                0x00000124                __vector_50
                0x00000124                __vector_16
                0x00000124                __vector_18
                0x00000124                __vector_20
                0x00000124                __vector_42
                0x00000126                . = ALIGN (0x2)
 *(.text.*)
 .text.get_status
                0x00000126       0x1e radio/radio.o
 .text.set_register
                0x00000144       0x3e radio/radio.o
 .text.reset_pipe0_address
                0x00000182       0x14 radio/radio.o
 .text.send_instruction
                0x00000196       0x4a radio/radio.o
 .text.get_register
                0x000001e0       0x5a radio/radio.o
 .text.set_rx_mode
                0x0000023a       0x4c radio/radio.o
 .text.__vector_5
                0x00000286      0x108 radio/radio.o
                0x00000286                __vector_5
 .text.SPI_ReadWrite_Block
                0x0000038e       0x26 radio/spi.o
                0x0000038e                SPI_ReadWrite_Block
 .text.SPI_Write_Block
                0x000003b4       0x1e radio/spi.o
                0x000003b4                SPI_Write_Block
 .text.SPI_Write_Byte
                0x000003d2        0xc radio/spi.o
                0x000003d2                SPI_Write_Byte
 .text.radio_rxhandler
                0x000003de        0x2 roomba/roomba.o
                0x000003de                radio_rxhandler
 .text.__vector_36
                0x000003e0       0x4c uart/uart.o
                0x000003e0                __vector_36
                0x0000042c                . = ALIGN (0x2)
 *(.fini9)
 .fini9         0x0000042c        0x0 c:/program files (x86)/atmel/atmel toolchain/avr8 gcc/native/3.4.1061/avr8-gnu-toolchain/bin/../lib/gcc/avr/4.8.1/avr6\libgcc.a(_exit.o)
                0x0000042c                _exit
                0x0000042c                exit
 *(.fini9)
 *(.fini8)
 *(.fini8)
 *(.fini7)
 *(.fini7)
 *(.fini6)
 *(.fini6)
 *(.fini5)
 *(.fini5)
 *(.fini4)
 *(.fini4)
 *(.fini3)
 *(.fini3)
 *(.fini2)
 *(.fini2)
 *(.fini1)
 *(.fini1)
 *(.fini0)
 .fini0         0x0000042c        0x4 c:/program files (x86)/atmel/atmel toolchain/avr8 gcc/native/3.4.1061/avr8-gnu-toolchain/bin/../lib/gcc/avr/4.8.1/avr6\libgcc.a(_exit.o)
 *(.fini0)
                0x00000430                _etext = .

.data           0x00800200        0xe load address 0x00000430
                0x00800200                PROVIDE (__data_start, .)
 *(.data)
 *(.data*)
 .data.tx_last_status
                0x00800200        0x1 radio/radio.o
 .data.tx_history
                0x00800201        0x2 radio/radio.o
 .data.rx_pipe0_address
                0x00800203        0x5 radio/radio.o
 .data.rx_pipe_widths
                0x00800208        0x6 radio/radio.o
 *(.rodata)
 *(.rodata*)
 *(.gnu.linkonce.d*)
                0x0080020e                . = ALIGN (0x2)
                0x0080020e                _edata = .
                0x0080020e                PROVIDE (__data_end, .)

.bss            0x0080020e       0x22
                0x0080020e                PROVIDE (__bss_start, .)
 *(.bss)
 *(.bss*)
 .bss.transmit_lock
                0x0080020e        0x1 radio/radio.o
 .bss.uart_buffer_index
                0x0080020f        0x1 uart/uart.o
 .bss.uart_buffer
                0x00800210       0x20 uart/uart.o
 *(COMMON)
                0x00800230                PROVIDE (__bss_end, .)
                0x00000430                __data_load_start = LOADADDR (.data)
                0x0000043e                __data_load_end = (__data_load_start + SIZEOF (.data))

.noinit         0x00800230        0x0
                0x00800230                PROVIDE (__noinit_start, .)
 *(.noinit*)
                0x00800230                PROVIDE (__noinit_end, .)
                0x00800230                _end = .
                0x00800230                PROVIDE (__heap_start, .)

.eeprom         0x00810000        0x0
 *(.eeprom*)
                0x00810000                __eeprom_end = .

.fuse
 *(.fuse)
 *(.lfuse)
 *(.hfuse)
 *(.efuse)

.lock
 *(.lock*)

.signature
 *(.signature*)

.user_signatures
 *(.user_signatures*)

.stab
 *(.stab)

.stabstr
 *(.stabstr)

.stab.excl
 *(.stab.excl)

.stab.exclstr
 *(.stab.exclstr)

.stab.index
 *(.stab.index)

.stab.indexstr
 *(.stab.indexstr)

.comment        0x00000000       0x30
 *(.comment)
 .comment       0x00000000       0x30 radio/radio.o
                                 0x31 (size before relaxing)
 .comment       0x00000000       0x31 radio/spi.o
 .comment       0x00000000       0x31 roomba/roomba.o
 .comment       0x00000000       0x31 uart/uart.o

.note.gnu.build-id
 *(.note.gnu.build-id)

.debug
 *(.debug)

.line
 *(.line)

.debug_srcinfo
 *(.debug_srcinfo)

.debug_sfnames
 *(.debug_sfnames)

.debug_aranges  0x00000000      0x150
 *(.debug_aranges)
 .debug_aranges
                0x00000000       0x90 radio/radio.o
 .debug_aranges
                0x00000090       0x38 radio/spi.o
 .debug_aranges
                0x000000c8       0x40 roomba/roomba.o
 .debug_aranges
                0x00000108       0x48 uart/uart.o

.debug_pubnames
 *(.debug_pubnames)

.debug_info     0x00000000     0x21cc
 *(.debug_info .gnu.linkonce.wi.*)
 .debug_info    0x00000000     0x12d3 radio/radio.o
 .debug_info    0x000012d3      0x153 radio/spi.o
 .debug_info    0x00001426      0xbe2 roomba/roomba.o
 .debug_info    0x00002008      0x1c4 uart/uart.o

.debug_abbrev   0x00000000      0x85a
 *(.debug_abbrev)
 .debug_abbrev  0x00000000      0x412 radio/radio.o
 .debug_abbrev  0x00000412       0xc8 radio/spi.o
 .debug_abbrev  0x000004da      0x269 roomba/roomba.o
 .debug_abbrev  0x00000743      0x117 uart/uart.o

.debug_line     0x00000000      0xe44
 *(.debug_line .debug_line.* .debug_line_end)
 .debug_line    0x00000000      0x700 radio/radio.o
 .debug_line    0x00000700      0x15d radio/spi.o
 .debug_line    0x0000085d      0x420 roomba/roomba.o
 .debug_line    0x00000c7d      0x1c7 uart/uart.o

.debug_frame    0x00000000      0x3d8
 *(.debug_frame)
 .debug_frame   0x00000000      0x268 radio/radio.o
 .debug_frame   0x00000268       0x54 radio/spi.o
 .debug_frame   0x000002bc       0x88 roomba/roomba.o
 .debug_frame   0x00000344       0x94 uart/uart.o

.debug_str      0x00000000      0xad6
 *(.debug_str)
 .debug_str     0x00000000      0x84f radio/radio.o
                                0x90f (size before relaxing)
 .debug_str     0x0000084f        0xf radio/spi.o
                                0x1c5 (size before relaxing)
 .debug_str     0x0000085e      0x22c roomba/roomba.o
                                0x704 (size before relaxing)
 .debug_str     0x00000a8a       0x4c uart/uart.o
                                0x26c (size before relaxing)

.debug_loc      0x00000000      0xe0f
 *(.debug_loc)
 .debug_loc     0x00000000      0xab0 radio/radio.o
 .debug_loc     0x00000ab0       0xfb radio/spi.o
 .debug_loc     0x00000bab      0x133 roomba/roomba.o
 .debug_loc     0x00000cde      0x131 uart/uart.o

.debug_macinfo
 *(.debug_macinfo)

.debug_weaknames
 *(.debug_weaknames)

.debug_funcnames
 *(.debug_funcnames)

.debug_typenames
 *(.debug_typenames)

.debug_varnames
 *(.debug_varnames)

.debug_pubtypes
 *(.debug_pubtypes)

.debug_ranges   0x00000000      0x110
 *(.debug_ranges)
 .debug_ranges  0x00000000       0x80 radio/radio.o
 .debug_ranges  0x00000080       0x28 radio/spi.o
 .debug_ranges  0x000000a8       0x30 roomba/roomba.o
 .debug_ranges  0x000000d8       0x38 uart/uart.o

.debug_macro
 *(.debug_macro)
OUTPUT(GccApplication2.elf elf32-avr)
LOAD linker stubs
